    generated dependency credentials in .demo-secrets
    logged in as admin on https://api.ocp.526f7.sandbox2367.opentlc.com:6443

[1;31m==> 1/6  Dev Spaces operator[0m
subscription.operators.coreos.com/devspaces unchanged
    waiting for devspaces CSV in openshift-operators
    operator ready

[1;31m==> 2/6  Namespaces[0m
namespace/devspaces-demo unchanged

[1;31m==> 3/6  CheCluster[0m
checluster.org.eclipse.che/devspaces configured

[1;31m==> 4/6  Waiting for Dev Spaces to come up[0m
    Dev Spaces is Active

[1;31m==> 4b/6  Internal Git (GitLab: true)[0m
    GitLab will be at https://gitlab.apps.ocp.526f7.sandbox2367.opentlc.com
namespace/gitlab-system unchanged
operatorgroup.operators.coreos.com/gitlab-operator unchanged
subscription.operators.coreos.com/gitlab-operator-kubernetes unchanged
    waiting for gitlab-operator CSV in gitlab-system
    operator ready
    deploying GitLab dependencies
secret/gitlab-postgresql created
service/gitlab-postgresql created
statefulset.apps/gitlab-postgresql created
job.batch/gitlab-postgresql-extensions created
secret/gitlab-redis created
service/gitlab-redis created
deployment.apps/gitlab-redis created
persistentvolumeclaim/gitlab-redis-data created
secret/gitlab-minio created
secret/gitlab-object-storage created
service/gitlab-minio created
persistentvolumeclaim/gitlab-minio-data created
deployment.apps/gitlab-minio created
job.batch/gitlab-minio-buckets created
Waiting for 1 pods to be ready...
partitioned roll out complete: 1 new pods have been updated...
Waiting for deployment "gitlab-redis" rollout to finish: 0 of 1 updated replicas are available...
Waiting for deployment "gitlab-redis" rollout to finish: 0 of 1 updated replicas are available...
error: deployment "gitlab-redis" exceeded its progress deadline
