    logged in as admin on https://api.ocp.526f7.sandbox2367.opentlc.com:6443

[1;31m==> 1/6  Dev Spaces operator[0m
subscription.operators.coreos.com/devspaces unchanged
    waiting for devspaces CSV in openshift-operators
    operator ready

[1;31m==> 2/6  Namespaces[0m
namespace/devspaces-demo unchanged

[1;31m==> 3/6  CheCluster[0m
checluster.org.eclipse.che/devspaces configured

[1;31m==> 4/6  Waiting for Dev Spaces to come up[0m
    Dev Spaces is Active

[1;31m==> 4b/6  Internal Git (GitLab: true)[0m
    GitLab will be at https://gitlab.apps.ocp.526f7.sandbox2367.opentlc.com
namespace/gitlab-system unchanged
operatorgroup.operators.coreos.com/gitlab-operator unchanged
subscription.operators.coreos.com/gitlab-operator-kubernetes unchanged
    waiting for gitlab-operator CSV in gitlab-system
    operator ready
    deploying GitLab dependencies
job.batch "gitlab-postgresql-extensions" deleted from gitlab-system namespace
secret/gitlab-postgresql configured
service/gitlab-postgresql unchanged
statefulset.apps/gitlab-postgresql configured
job.batch/gitlab-postgresql-extensions created
secret/gitlab-redis configured
service/gitlab-redis unchanged
deployment.apps/gitlab-redis configured
persistentvolumeclaim/gitlab-redis-data unchanged
secret/gitlab-minio configured
secret/gitlab-object-storage configured
service/gitlab-minio unchanged
persistentvolumeclaim/gitlab-minio-data unchanged
deployment.apps/gitlab-minio unchanged
job.batch/gitlab-minio-buckets created
partitioned roll out complete: 1 new pods have been updated...
deployment "gitlab-redis" successfully rolled out
deployment "gitlab-minio" successfully rolled out
    waiting for extensions and buckets
job.batch/gitlab-postgresql-extensions condition met
error: timed out waiting for the condition on jobs/gitlab-minio-buckets
waiting for minio
mc: <ERROR> Unable to save new mc config. mkdir /.mc: permission denied.
waiting for minio
mc: <ERROR> Unable to save new mc config. mkdir /.mc: permission denied.
waiting for minio
mc: <ERROR> Unable to save new mc config. mkdir /.mc: permission denied.
waiting for minio
mc: <ERROR> Unable to save new mc config. mkdir /.mc: permission denied.
waiting for minio
mc: <ERROR> Unable to save new mc config. mkdir /.mc: permission denied.
waiting for minio
mc: <ERROR> Unable to save new mc config. mkdir /.mc: permission denied.
waiting for minio
mc: <ERROR> Unable to save new mc config. mkdir /.mc: permission denied.
waiting for minio
mc: <ERROR> Unable to save new mc config. mkdir /.mc: permission denied.
waiting for minio
mc: <ERROR> Unable to save new mc config. mkdir /.mc: permission denied.
waiting for minio
[1;31m    error: MinIO bucket creation failed[0m
