    logged in as admin on https://api.ocp.526f7.sandbox2367.opentlc.com:6443

[1;31m==> 1/6  Dev Spaces operator[0m
subscription.operators.coreos.com/devspaces unchanged
    waiting for devspaces CSV in openshift-operators
    operator ready

[1;31m==> 2/6  Namespaces[0m
namespace/devspaces-demo unchanged

[1;31m==> 3/6  CheCluster[0m
checluster.org.eclipse.che/devspaces configured

[1;31m==> 4/6  Waiting for Dev Spaces to come up[0m
    Dev Spaces is Active

[1;31m==> 4b/6  Internal Git (GitLab: true)[0m
    GitLab will be at https://gitlab.apps.ocp.526f7.sandbox2367.opentlc.com
namespace/gitlab-system unchanged
operatorgroup.operators.coreos.com/gitlab-operator unchanged
subscription.operators.coreos.com/gitlab-operator-kubernetes unchanged
    waiting for gitlab-operator CSV in gitlab-system
    operator ready
    deploying GitLab dependencies
job.batch "gitlab-postgresql-extensions" deleted from gitlab-system namespace
job.batch "gitlab-minio-buckets" deleted from gitlab-system namespace
secret/gitlab-postgresql configured
service/gitlab-postgresql unchanged
statefulset.apps/gitlab-postgresql configured
job.batch/gitlab-postgresql-extensions created
secret/gitlab-redis configured
service/gitlab-redis unchanged
deployment.apps/gitlab-redis configured
persistentvolumeclaim/gitlab-redis-data unchanged
secret/gitlab-minio configured
secret/gitlab-object-storage configured
service/gitlab-minio unchanged
persistentvolumeclaim/gitlab-minio-data unchanged
deployment.apps/gitlab-minio configured
job.batch/gitlab-minio-buckets created
partitioned roll out complete: 1 new pods have been updated...
deployment "gitlab-redis" successfully rolled out
Waiting for deployment "gitlab-minio" rollout to finish: 0 of 1 updated replicas are available...
deployment "gitlab-minio" successfully rolled out
    waiting for extensions and buckets
job.batch/gitlab-postgresql-extensions condition met
job.batch/gitlab-minio-buckets condition met
gitlab.apps.gitlab.com/gitlab created
    waiting for GitLab to reconcile (first run is genuinely slow, 15-25 min)
      still waiting (120s, phase: Preparing)
      still waiting (240s, phase: Preparing)
      still waiting (360s, phase: Preparing)
      still waiting (480s, phase: Preparing)
      still waiting (600s, phase: Preparing)
      still waiting (720s, phase: Preparing)
      still waiting (840s, phase: Preparing)
      still waiting (960s, phase: Preparing)
      still waiting (1080s, phase: Preparing)
      still waiting (1200s, phase: Preparing)
      still waiting (1320s, phase: Preparing)
      still waiting (1440s, phase: pending)
      still waiting (1560s, phase: Preparing)
      still waiting (1680s, phase: Preparing)
      still waiting (1800s, phase: Preparing)
      still waiting (1920s, phase: pending)
      still waiting (2040s, phase: pending)
      still waiting (2160s, phase: pending)
      still waiting (2280s, phase: pending)
      still waiting (2400s, phase: pending)
[1;33m    warning: GitLab did not come up in 2400s[0m
[1;33m    warning: check: oc get pods -n gitlab-system[0m
[1;31m    error: GitLab did not come up. Check: oc get pods -n gitlab-system[0m
