    logged in as admin on https://api.ocp.mhpzn.sandbox671.opentlc.com:6443

[1;31m==> 1/6  Dev Spaces operator[0m
subscription.operators.coreos.com/devspaces created
    waiting for devspaces CSV in openshift-operators
      still waiting (60s, phases: Succeeded )
      still waiting (120s, phases: Succeeded )
      still waiting (180s, phases: Succeeded )
    operator ready

[1;31m==> 2/6  Namespaces[0m
namespace/devspaces-demo created
namespace/openshift-devspaces created

[1;31m==> 3/6  CheCluster[0m
checluster.org.eclipse.che/devspaces created

[1;31m==> 4/6  Waiting for Dev Spaces to come up[0m
      still waiting (60s, phase: pending)
      still waiting (120s, phase: pending)
      still waiting (180s, phase: pending)
      still waiting (240s, phase: Inactive)
      still waiting (300s, phase: Inactive)
    Dev Spaces is Active

[1;31m==> 4b/6  Internal Git (GitLab: true)[0m
    GitLab will be at https://gitlab.apps.ocp.mhpzn.sandbox671.opentlc.com
    installing Envoy Gateway CRDs
customresourcedefinition.apiextensions.k8s.io/backends.gateway.envoyproxy.io serverside-applied
customresourcedefinition.apiextensions.k8s.io/backendtrafficpolicies.gateway.envoyproxy.io serverside-applied
customresourcedefinition.apiextensions.k8s.io/clienttrafficpolicies.gateway.envoyproxy.io serverside-applied
customresourcedefinition.apiextensions.k8s.io/envoyextensionpolicies.gateway.envoyproxy.io serverside-applied
customresourcedefinition.apiextensions.k8s.io/envoypatchpolicies.gateway.envoyproxy.io serverside-applied
customresourcedefinition.apiextensions.k8s.io/envoyproxies.gateway.envoyproxy.io serverside-applied
customresourcedefinition.apiextensions.k8s.io/httproutefilters.gateway.envoyproxy.io serverside-applied
customresourcedefinition.apiextensions.k8s.io/securitypolicies.gateway.envoyproxy.io serverside-applied
namespace/envoy-gateway-system serverside-applied
serviceaccount/envoy-gateway serverside-applied
configmap/envoy-gateway-config serverside-applied
clusterrole.rbac.authorization.k8s.io/eg-gateway-helm-envoy-gateway-role serverside-applied
clusterrolebinding.rbac.authorization.k8s.io/eg-gateway-helm-envoy-gateway-rolebinding serverside-applied
role.rbac.authorization.k8s.io/eg-gateway-helm-infra-manager serverside-applied
role.rbac.authorization.k8s.io/eg-gateway-helm-leader-election-role serverside-applied
rolebinding.rbac.authorization.k8s.io/eg-gateway-helm-infra-manager serverside-applied
rolebinding.rbac.authorization.k8s.io/eg-gateway-helm-leader-election-rolebinding serverside-applied
service/envoy-gateway serverside-applied
deployment.apps/envoy-gateway serverside-applied
serviceaccount/eg-gateway-helm-certgen serverside-applied
role.rbac.authorization.k8s.io/eg-gateway-helm-certgen serverside-applied
rolebinding.rbac.authorization.k8s.io/eg-gateway-helm-certgen serverside-applied
job.batch/eg-gateway-helm-certgen serverside-applied
customresourcedefinition.apiextensions.k8s.io/envoyproxies.gateway.envoyproxy.io condition met
namespace/gitlab-system created
operatorgroup.operators.coreos.com/gitlab-operator created
subscription.operators.coreos.com/gitlab-operator-kubernetes created
    waiting for gitlab-operator CSV in gitlab-system
    operator ready
    deploying GitLab dependencies
secret/gitlab-postgresql created
service/gitlab-postgresql created
statefulset.apps/gitlab-postgresql created
job.batch/gitlab-postgresql-extensions created
secret/gitlab-redis created
service/gitlab-redis created
deployment.apps/gitlab-redis created
persistentvolumeclaim/gitlab-redis-data created
secret/gitlab-minio created
secret/gitlab-object-storage created
service/gitlab-minio created
persistentvolumeclaim/gitlab-minio-data created
deployment.apps/gitlab-minio created
job.batch/gitlab-minio-buckets created
Waiting for 1 pods to be ready...
partitioned roll out complete: 1 new pods have been updated...
deployment "gitlab-redis" successfully rolled out
Waiting for deployment "gitlab-minio" rollout to finish: 0 of 1 updated replicas are available...
deployment "gitlab-minio" successfully rolled out
    waiting for extensions and buckets
job.batch/gitlab-postgresql-extensions condition met
job.batch/gitlab-minio-buckets condition met
gitlab.apps.gitlab.com/gitlab created
    cycling the operator to refresh its API discovery cache
    waiting for GitLab to reconcile (first run is genuinely slow, 15-25 min)
      still waiting (120s, phase: Preparing)
      still waiting (240s, phase: Preparing)
      still waiting (360s, phase: Preparing)
      still waiting (480s, phase: Preparing)
      still waiting (600s, phase: Preparing)
      still waiting (720s, phase: Preparing)
      still waiting (840s, phase: Preparing)
      still waiting (960s, phase: Preparing)
      still waiting (1080s, phase: Preparing)
      still waiting (1200s, phase: Preparing)
      still waiting (1320s, phase: Preparing)
      still waiting (1440s, phase: Preparing)
      still waiting (1560s, phase: Preparing)
      still waiting (1680s, phase: Preparing)
      still waiting (1800s, phase: Preparing)
      still waiting (1920s, phase: Preparing)
      still waiting (2040s, phase: Preparing)
      still waiting (2160s, phase: Preparing)
      still waiting (2280s, phase: Preparing)
      still waiting (2400s, phase: Preparing)
[1;33m    warning: GitLab did not come up in 2400s[0m
[1;33m    warning: check: oc get pods -n gitlab-system[0m
[1;31m    error: GitLab did not come up. Check: oc get pods -n gitlab-system[0m
